2026-05-13 01:25:13 INFO  NotificationApplication - Starting NotificationApplication using Java 11.0.21 on LAPTOP-5DPCTAVK with PID 36548 (C:\Users\Lenovo\OneDrive\Desktop\Marcelino\project\web\bizly-web\backend\bizly-processes\notification\target\classes started by Lenovo in C:\Users\Lenovo\OneDrive\Desktop\Marcelino\project\web\bizly-web\backend\bizly-processes\notification)
2026-05-13 01:25:13 INFO  NotificationApplication - No active profile set, falling back to default profiles: default
2026-05-13 01:25:23 INFO  NotificationApplication - Started NotificationApplication in 10.056 seconds (JVM running for 11.532)
2026-05-13 01:28:57 INFO  NotificationApplication - Starting NotificationApplication using Java 11.0.21 on LAPTOP-5DPCTAVK with PID 20492 (C:\Users\Lenovo\OneDrive\Desktop\Marcelino\project\web\bizly-web\backend\bizly-processes\notification\target\classes started by Lenovo in C:\Users\Lenovo\OneDrive\Desktop\Marcelino\project\web\bizly-web\backend\bizly-processes\notification)
2026-05-13 01:28:57 INFO  NotificationApplication - No active profile set, falling back to default profiles: default
2026-05-13 01:29:05 INFO  NotificationApplication - Started NotificationApplication in 8.264 seconds (JVM running for 9.295)
2026-05-13 01:45:38 INFO  NotificationApplication - Starting NotificationApplication using Java 11.0.21 on LAPTOP-5DPCTAVK with PID 34040 (C:\Users\Lenovo\OneDrive\Desktop\Marcelino\project\web\bizly-web\backend\bizly-processes\notification\target\classes started by Lenovo in C:\Users\Lenovo\OneDrive\Desktop\Marcelino\project\web\bizly-web\backend\bizly-processes\notification)
2026-05-13 01:45:38 INFO  NotificationApplication - No active profile set, falling back to default profiles: default
2026-05-13 01:45:48 INFO  NotificationApplication - Started NotificationApplication in 10.503 seconds (JVM running for 11.351)
2026-05-13 02:52:19 INFO  NotificationApplication - Starting NotificationApplication using Java 11.0.21 on LAPTOP-5DPCTAVK with PID 39748 (C:\Users\Lenovo\OneDrive\Desktop\Marcelino\project\web\bizly-web\backend\bizly-processes\notification\target\classes started by Lenovo in C:\Users\Lenovo\OneDrive\Desktop\Marcelino\project\web\bizly-web\backend\bizly-processes\notification)
2026-05-13 02:52:19 INFO  NotificationApplication - No active profile set, falling back to default profiles: default
2026-05-13 02:52:33 INFO  NotificationApplication - Started NotificationApplication in 16.091 seconds (JVM running for 17.589)
2026-05-13 02:58:05 INFO  NotificationApplication - Starting NotificationApplication using Java 11.0.21 on LAPTOP-5DPCTAVK with PID 15696 (C:\Users\Lenovo\OneDrive\Desktop\Marcelino\project\web\bizly-web\backend\bizly-processes\notification\target\classes started by Lenovo in C:\Users\Lenovo\OneDrive\Desktop\Marcelino\project\web\bizly-web\backend\bizly-processes\notification)
2026-05-13 02:58:05 INFO  NotificationApplication - No active profile set, falling back to default profiles: default
2026-05-13 02:58:13 INFO  NotificationApplication - Started NotificationApplication in 9.055 seconds (JVM running for 10.274)
2026-05-13 03:39:52 INFO  NotificationApplication - Starting NotificationApplication using Java 11.0.21 on LAPTOP-5DPCTAVK with PID 44872 (C:\Users\Lenovo\OneDrive\Desktop\Marcelino\project\web\bizly-web\backend\bizly-processes\notification\target\classes started by Lenovo in C:\Users\Lenovo\OneDrive\Desktop\Marcelino\project\web\bizly-web\backend\bizly-processes\notification)
2026-05-13 03:39:52 INFO  NotificationApplication - No active profile set, falling back to default profiles: default
2026-05-13 03:40:01 INFO  NotificationApplication - Started NotificationApplication in 9.412 seconds (JVM running for 10.331)
2026-05-13 03:42:14 INFO  NotificationWorkflowEngine - [NOTIF_PROCESS] WELCOME_CUSTOMER start customerId=21 email=MARCELINO_ATALLAH@HOTMAIL.COM
2026-05-13 03:42:20 INFO  OutboundMailService - [NOTIF_MAIL] sent to=MARCELINO_ATALLAH@HOTMAIL.COM subject=Welcome to Bizly, xx xx!
2026-05-13 03:55:00 INFO  NotificationApplication - Starting NotificationApplication using Java 11.0.21 on LAPTOP-5DPCTAVK with PID 37632 (C:\Users\Lenovo\OneDrive\Desktop\Marcelino\project\web\bizly-web\backend\bizly-processes\notification\target\classes started by Lenovo in C:\Users\Lenovo\OneDrive\Desktop\Marcelino\project\web\bizly-web\backend\bizly-processes\notification)
2026-05-13 03:55:00 INFO  NotificationApplication - No active profile set, falling back to default profiles: default
2026-05-13 03:55:04 INFO  NotificationApplication - Started NotificationApplication in 3.974 seconds (JVM running for 4.741)
2026-05-13 20:03:19 INFO  NotificationApplication - Starting NotificationApplication using Java 11.0.21 on LAPTOP-5DPCTAVK with PID 15296 (C:\Users\Lenovo\OneDrive\Desktop\Marcelino\project\web\bizly-web\backend\bizly-processes\notification\target\classes started by Lenovo in C:\Users\Lenovo\OneDrive\Desktop\Marcelino\project\web\bizly-web\backend\bizly-processes\notification)
2026-05-13 20:03:19 INFO  NotificationApplication - No active profile set, falling back to default profiles: default
2026-05-13 20:03:32 INFO  NotificationApplication - Started NotificationApplication in 14.151 seconds (JVM running for 15.21)
2026-05-13 21:02:04 INFO  NotificationApplication - Starting NotificationApplication using Java 11.0.21 on LAPTOP-5DPCTAVK with PID 21980 (C:\Users\Lenovo\OneDrive\Desktop\Marcelino\project\web\bizly-web\backend\bizly-processes\notification\target\classes started by Lenovo in C:\Users\Lenovo\OneDrive\Desktop\Marcelino\project\web\bizly-web\backend\bizly-processes\notification)
2026-05-13 21:02:04 INFO  NotificationApplication - No active profile set, falling back to default profiles: default
2026-05-13 21:02:07 INFO  NotificationApplication - Started NotificationApplication in 4.078 seconds (JVM running for 4.981)
2026-05-13 21:04:13 INFO  NotificationApplication - Starting NotificationApplication using Java 11.0.21 on LAPTOP-5DPCTAVK with PID 9108 (C:\Users\Lenovo\OneDrive\Desktop\Marcelino\project\web\bizly-web\backend\bizly-processes\notification\target\classes started by Lenovo in C:\Users\Lenovo\OneDrive\Desktop\Marcelino\project\web\bizly-web\backend\bizly-processes\notification)
2026-05-13 21:04:13 INFO  NotificationApplication - No active profile set, falling back to default profiles: default
2026-05-13 21:04:16 INFO  NotificationApplication - Started NotificationApplication in 4.034 seconds (JVM running for 4.71)
2026-05-13 21:39:31 INFO  NotificationApplication - Starting NotificationApplication using Java 11.0.21 on LAPTOP-5DPCTAVK with PID 2988 (C:\Users\Lenovo\OneDrive\Desktop\Marcelino\project\web\bizly-web\backend\bizly-processes\notification\target\classes started by Lenovo in C:\Users\Lenovo\OneDrive\Desktop\Marcelino\project\web\bizly-web\backend\bizly-processes\notification)
2026-05-13 21:39:31 INFO  NotificationApplication - No active profile set, falling back to default profiles: default
2026-05-13 21:39:35 INFO  NotificationApplication - Started NotificationApplication in 4.326 seconds (JVM running for 5.098)
2026-05-13 21:52:44 INFO  NotificationApplication - Starting NotificationApplication using Java 11.0.21 on LAPTOP-5DPCTAVK with PID 13792 (C:\Users\Lenovo\OneDrive\Desktop\Marcelino\project\web\bizly-web\backend\bizly-processes\notification\target\classes started by Lenovo in C:\Users\Lenovo\OneDrive\Desktop\Marcelino\project\web\bizly-web\backend\bizly-processes\notification)
2026-05-13 21:52:44 INFO  NotificationApplication - No active profile set, falling back to default profiles: default
2026-05-13 21:52:48 INFO  NotificationApplication - Started NotificationApplication in 4.089 seconds (JVM running for 4.898)
2026-05-13 22:01:13 INFO  NotificationApplication - Starting NotificationApplication using Java 11.0.21 on LAPTOP-5DPCTAVK with PID 12216 (C:\Users\Lenovo\OneDrive\Desktop\Marcelino\project\web\bizly-web\backend\bizly-processes\notification\target\classes started by Lenovo in C:\Users\Lenovo\OneDrive\Desktop\Marcelino\project\web\bizly-web\backend\bizly-processes\notification)
2026-05-13 22:01:13 INFO  NotificationApplication - No active profile set, falling back to default profiles: default
2026-05-13 22:01:17 INFO  NotificationApplication - Started NotificationApplication in 4.276 seconds (JVM running for 5.04)
2026-05-13 22:38:30 INFO  NotificationApplication - Starting NotificationApplication using Java 11.0.21 on LAPTOP-5DPCTAVK with PID 26144 (C:\Users\Lenovo\OneDrive\Desktop\Marcelino\project\web\bizly-web\backend\bizly-processes\notification\target\classes started by Lenovo in C:\Users\Lenovo\OneDrive\Desktop\Marcelino\project\web\bizly-web\backend\bizly-processes\notification)
2026-05-13 22:38:30 INFO  NotificationApplication - No active profile set, falling back to default profiles: default
2026-05-13 22:38:34 INFO  NotificationApplication - Started NotificationApplication in 4.057 seconds (JVM running for 4.822)
